Ghostel 040

make: Entering directory '/workspace/scratch/8a916eec262c/ghostel-mux'
/workspace/scratch/8a916eec262c/run-emacs -Q --batch -l test/run-tests.el
Warning: Lisp directory '/usr/share/emacs/29.3/lisp': No such file or directory
Running 58 tests (2026-09-13 05:02:53+0300, selector ‘t’)
   passed   1/58  mux-audit-outlives-scrollback-eviction (0.026528 sec)
one:1 — SYNC:2 [P1,P2]
   passed   2/58  mux-broadcast-is-visible-only-and-resumes-after-unzoom (0.047687 sec)
one:1 — SYNC:3 [P1,P2,P3]
Copy mode: Press any key to exit
COPY MODE — M-w copy/stay · C-w copy/exit · q return to terminal
   passed   3/58  mux-broadcast-marker-matches-delivery-and-pauses-with-local-input (0.006155 sec)
   passed   4/58  mux-buffer-numbers-are-session-local-stable-across-windows-and-rename (0.008374 sec)
   passed   5/58  mux-closing-pane-cleans-membership-and-renumbers-windows (0.003892 sec)
   passed   6/58  mux-command-minibuffer-accepts-text-and-followup-prompt (0.003330 sec)
   passed   7/58  mux-consult-pane-keyboard-selects-buffer-within-zoom (0.033387 sec)
   passed   8/58  mux-consult-session-selection-and-cancel-restore-ownership (0.005934 sec)
   passed   9/58  mux-consult-window-keyboard-selects-exact-window-and-reverse-pane (0.009072 sec)
Copy mode: Press any key to exit
COPY MODE — M-w copy/stay · C-w copy/exit · q return to terminal
Mark set
   passed  10/58  mux-copy-drag-selection-persists-after-release (0.001443 sec)
Copy mode: Press any key to exit
COPY MODE — M-w copy/stay · C-w copy/exit · q return to terminal
Copy mode: Press any key to exit
   passed  11/58  mux-copy-indicators-follow-actual-input-mode (0.001904 sec)
Copy mode: Press any key to exit
COPY MODE — M-w copy/stay · C-w copy/exit · q return to terminal
   passed  12/58  mux-copy-is-persistent-and-never-deletes-output (0.001419 sec)
   passed  13/58  mux-detach-restores-editor-and-keeps-processes (0.001510 sec)
   passed  14/58  mux-direct-writes-preserve-explicit-terminal-when-not-broadcasting (0.000045 sec)
one:1 — SYNC:2 [P1,P2]
   passed  15/58  mux-encoder-fallback-does-not-double-broadcast (0.002434 sec)
Emacs mode: terminal live, C-b g C-j to exit
Char mode (M-RET to exit)
Copy mode: Press any key to exit
   passed  16/58  mux-ghostel-prefix-mode-switches-and-shares-user-bindings (0.026952 sec)
one:1 — SYNC:3 [P1,P2,P3]
   passed  17/58  mux-hidden-and-foreign-buffers-never-join-visible-broadcast (0.005512 sec)
one:1 — SYNC:3 [P1,P2,P3]
   passed  18/58  mux-hidden-process-death-preserves-zoom-and-local-input (0.017237 sec)
one:1 — SYNC:2 [P1,P2]
   passed  19/58  mux-interactive-key-command-enters-broadcast-path (0.002749 sec)
   passed  20/58  mux-layout-cycling-keeps-all-pane-buffers (0.005457 sec)
   passed  21/58  mux-legacy-creation-forces-fresh-buffer-and-restores-display (0.000101 sec)
one:1 — SYNC:2 [P1,P2]
   passed  22/58  mux-literal-prefix-is-encoded-on-each-pane (0.002434 sec)
Warning (ghostel-mux): Recording stopped for pane shell: Opening output file: No such file or directory, /nonexistent/mux-test/output.log
   passed  23/58  mux-log-error-is-visible-and-does-not-stop-terminal (0.001670 sec)
one:1 — SYNC:2 [P1,P2]
   passed  24/58  mux-marker-redisplay-uses-true-input-window-and-preserves-accent (0.003827 sec)
Layout: tiled
   passed  25/58  mux-meta-five-retiles-all-panes-even-from-zoom (0.008193 sec)
Y:1 — SYNC:2 [P1,P2]; selected X:2 stays LOCAL (C-b a: activate its group)
Layout: tiled
Active group: X:2 — SYNC OFF (LOCAL)
   passed  26/58  mux-mixed-view-reports-scope-and-explicit-attach-switches-owner (0.009914 sec)
Copy mode: Press any key to exit
COPY MODE — M-w copy/stay · C-w copy/exit · q return to terminal
   passed  27/58  mux-mouse-word-line-and-clear-keep-copy-mode (0.002770 sec)
   passed  28/58  mux-names-do-not-escape-log-directory (0.002009 sec)
   passed  29/58  mux-native-backend-remains-available-without-recording (0.016864 sec)
Char mode (M-RET to exit)
Copy mode: Press any key to exit
   passed  30/58  mux-native-prefix-exposes-full-key-sequences-to-emacs (0.004155 sec)
   passed  31/58  mux-number-migration-preserves-identities-and-is-idempotent (0.005285 sec)
one:1 — SYNC:2 [P1,P2]
   passed  32/58  mux-output-callbacks-and-auto-passwords-remain-local (0.002614 sec)
one:1 — SYNC:2 [P2,P3]
   passed  33/58  mux-pane-preview-cancel-restores-hidden-buffer-and-sync-scope (0.004607 sec)
   passed  34/58  mux-pane-selector-rejects-process-exit-during-preview (0.002881 sec)
one:1 — SYNC:2 [P1,P2]
Warning (ghostel-mux): SYNC disabled after partial delivery: ((3 . "write failed"))
   passed  35/58  mux-partial-delivery-turns-sync-off-without-retrying (0.003496 sec)
one:1 — SYNC:2 [P1,P2]
   passed  36/58  mux-paste-uses-each-terminal-encoder (0.003190 sec)
Char mode (M-RET to exit)
Copy mode: Press any key to exit
COPY MODE — M-w copy/stay · C-w copy/exit · q return to terminal
   passed  37/58  mux-prefix-and-copy-map-take-priority-in-char-mode (0.001611 sec)
one:1 — SYNC:2 [P1,P2]
   passed  38/58  mux-preview-blocks-terminal-input-and-defers-process-reconcile (0.002850 sec)
   passed  39/58  mux-preview-cancel-after-origin-dies-restores-emacs-workspace (0.003007 sec)
   passed  40/58  mux-preview-cycles-layouts-without-attaching-or-capturing (0.008018 sec)
   passed  41/58  mux-process-exit-closes-pane-and-last-session-on-both-backends (0.082309 sec)
one:1 — SYNC:2 [P1,P2]
   passed  42/58  mux-real-keyboard-prefix-and-typing (0.019569 sec)
one:1 — SYNC:2 [P1,P2]
   passed  43/58  mux-real-terminal-modes-encode-arrow-independently (0.029810 sec)
   passed  44/58  mux-recording-retains-raw-bytes-and-records-hidden-output (0.016444 sec)
one:1 — SYNC PAUSED (LOCAL) · 1 visible
   passed  45/58  mux-refresh-removes-legacy-colors-preserving-user-remaps (0.001446 sec)
   passed  46/58  mux-rename-minibuffer-accepts-prefix-command-letters (0.001812 sec)
   passed  47/58  mux-render-uses-real-selection-not-redisplays-temporary-window (0.002485 sec)
   passed  48/58  mux-session-rename-preserves-unrelated-colliding-buffer (0.001316 sec)
   passed  49/58  mux-sessions-window-layouts-and-independent-terminals (0.005491 sec)
   passed  50/58  mux-split-failure-preserves-layout-and-live-panes (0.001263 sec)
one:1 — SYNC:2 [P1,P2]
   passed  51/58  mux-status-distinguishes-selection-targets-and-local-input (0.003227 sec)
one:1 — SYNC:2 [P1,P2]
   passed  52/58  mux-visible-broadcast-deduplicates-and-rechecks-targets (0.003201 sec)
   passed  53/58  mux-which-key-discovers-both-native-prefixes (0.008702 sec)
   passed  54/58  mux-window-preview-cancel-keeps-origin-and-saved-window-selection (0.008167 sec)
   passed  55/58  mux-window-selector-rejects-exited-candidate-and-supports-fallback (0.003512 sec)
one:1 — SYNC:2 [P1,P2]
   passed  56/58  mux-zoom-keyboard-control-and-paste-target-only-visible-pane (0.003054 sec)
   passed  57/58  mux-zoom-navigation-selects-another-live-buffer (0.002494 sec)
one:1 — SYNC:3 [P1,P2,P3]
   passed  58/58  mux-zoom-survives-session-switch-and-keeps-sync (0.006403 sec)

Ran 58 tests, 58 results as expected, 0 unexpected (2026-09-13 05:02:53+0300, 0.504017 sec)

make: Leaving directory '/workspace/scratch/8a916eec262c/ghostel-mux'


Ghostel 053

make: Entering directory '/workspace/scratch/8a916eec262c/ghostel-mux'
/workspace/scratch/8a916eec262c/run-emacs -Q --batch -l test/run-tests.el
Warning: Lisp directory '/usr/share/emacs/29.3/lisp': No such file or directory
Running 58 tests (2026-09-13 05:02:53+0300, selector ‘t’)
   passed   1/58  mux-audit-outlives-scrollback-eviction (0.027376 sec)
one:1 — SYNC:2 [P1,P2]
   passed   2/58  mux-broadcast-is-visible-only-and-resumes-after-unzoom (0.042474 sec)
one:1 — SYNC:3 [P1,P2,P3]
Copy mode: C-b g C-t or C-b g C-j to exit
COPY MODE — M-w copy/stay · C-w copy/exit · q return to terminal
   passed   3/58  mux-broadcast-marker-matches-delivery-and-pauses-with-local-input (0.014709 sec)
   passed   4/58  mux-buffer-numbers-are-session-local-stable-across-windows-and-rename (0.010938 sec)
   passed   5/58  mux-closing-pane-cleans-membership-and-renumbers-windows (0.004302 sec)
   passed   6/58  mux-command-minibuffer-accepts-text-and-followup-prompt (0.004391 sec)
   passed   7/58  mux-consult-pane-keyboard-selects-buffer-within-zoom (0.038441 sec)
   passed   8/58  mux-consult-session-selection-and-cancel-restore-ownership (0.006770 sec)
   passed   9/58  mux-consult-window-keyboard-selects-exact-window-and-reverse-pane (0.011440 sec)
Copy mode: C-b g C-t or C-b g C-j to exit
COPY MODE — M-w copy/stay · C-w copy/exit · q return to terminal
Mark set
   passed  10/58  mux-copy-drag-selection-persists-after-release (0.002079 sec)
Copy mode: C-b g C-t or C-b g C-j to exit
COPY MODE — M-w copy/stay · C-w copy/exit · q return to terminal
Copy mode: C-b g C-t or C-b g C-j to exit
   passed  11/58  mux-copy-indicators-follow-actual-input-mode (0.002528 sec)
Copy mode: C-b g C-t or C-b g C-j to exit
COPY MODE — M-w copy/stay · C-w copy/exit · q return to terminal
   passed  12/58  mux-copy-is-persistent-and-never-deletes-output (0.002112 sec)
   passed  13/58  mux-detach-restores-editor-and-keeps-processes (0.027457 sec)
   passed  14/58  mux-direct-writes-preserve-explicit-terminal-when-not-broadcasting (0.000040 sec)
one:1 — SYNC:2 [P1,P2]
   passed  15/58  mux-encoder-fallback-does-not-double-broadcast (0.002586 sec)
Emacs mode: terminal live, C-b g C-j to exit
Char mode (M-RET to exit)
Copy mode: C-b g C-t or C-b g C-j to exit
   passed  16/58  mux-ghostel-prefix-mode-switches-and-shares-user-bindings (0.002191 sec)
one:1 — SYNC:3 [P1,P2,P3]
   passed  17/58  mux-hidden-and-foreign-buffers-never-join-visible-broadcast (0.004755 sec)
one:1 — SYNC:3 [P1,P2,P3]
   passed  18/58  mux-hidden-process-death-preserves-zoom-and-local-input (0.016083 sec)
one:1 — SYNC:2 [P1,P2]
   passed  19/58  mux-interactive-key-command-enters-broadcast-path (0.003233 sec)
   passed  20/58  mux-layout-cycling-keeps-all-pane-buffers (0.006459 sec)
   passed  21/58  mux-legacy-creation-forces-fresh-buffer-and-restores-display (0.000088 sec)
one:1 — SYNC:2 [P1,P2]
   passed  22/58  mux-literal-prefix-is-encoded-on-each-pane (0.003343 sec)
Warning (ghostel-mux): Recording stopped for pane shell: Opening output file: No such file or directory, /nonexistent/mux-test/output.log
   passed  23/58  mux-log-error-is-visible-and-does-not-stop-terminal (0.001839 sec)
one:1 — SYNC:2 [P1,P2]
   passed  24/58  mux-marker-redisplay-uses-true-input-window-and-preserves-accent (0.003029 sec)
Layout: tiled
   passed  25/58  mux-meta-five-retiles-all-panes-even-from-zoom (0.006649 sec)
Y:1 — SYNC:2 [P1,P2]; selected X:2 stays LOCAL (C-b a: activate its group)
Layout: tiled
Active group: X:2 — SYNC OFF (LOCAL)
   passed  26/58  mux-mixed-view-reports-scope-and-explicit-attach-switches-owner (0.009732 sec)
Copy mode: C-b g C-t or C-b g C-j to exit
COPY MODE — M-w copy/stay · C-w copy/exit · q return to terminal
   passed  27/58  mux-mouse-word-line-and-clear-keep-copy-mode (0.002069 sec)
   passed  28/58  mux-names-do-not-escape-log-directory (0.001527 sec)
   passed  29/58  mux-native-backend-remains-available-without-recording (0.016163 sec)
Char mode (M-RET to exit)
Copy mode: C-b g C-t or C-b g C-j to exit
   passed  30/58  mux-native-prefix-exposes-full-key-sequences-to-emacs (0.003202 sec)
   passed  31/58  mux-number-migration-preserves-identities-and-is-idempotent (0.006035 sec)
one:1 — SYNC:2 [P1,P2]
   passed  32/58  mux-output-callbacks-and-auto-passwords-remain-local (0.002818 sec)
one:1 — SYNC:2 [P2,P3]
   passed  33/58  mux-pane-preview-cancel-restores-hidden-buffer-and-sync-scope (0.005186 sec)
   passed  34/58  mux-pane-selector-rejects-process-exit-during-preview (0.003017 sec)
one:1 — SYNC:2 [P1,P2]
Warning (ghostel-mux): SYNC disabled after partial delivery: ((3 . "write failed"))
   passed  35/58  mux-partial-delivery-turns-sync-off-without-retrying (0.003275 sec)
one:1 — SYNC:2 [P1,P2]
   passed  36/58  mux-paste-uses-each-terminal-encoder (0.009172 sec)
Char mode (M-RET to exit)
Copy mode: C-b g C-t or C-b g C-j to exit
COPY MODE — M-w copy/stay · C-w copy/exit · q return to terminal
   passed  37/58  mux-prefix-and-copy-map-take-priority-in-char-mode (0.003014 sec)
one:1 — SYNC:2 [P1,P2]
   passed  38/58  mux-preview-blocks-terminal-input-and-defers-process-reconcile (0.003581 sec)
   passed  39/58  mux-preview-cancel-after-origin-dies-restores-emacs-workspace (0.003188 sec)
   passed  40/58  mux-preview-cycles-layouts-without-attaching-or-capturing (0.009271 sec)
   passed  41/58  mux-process-exit-closes-pane-and-last-session-on-both-backends (0.082813 sec)
one:1 — SYNC:2 [P1,P2]
   passed  42/58  mux-real-keyboard-prefix-and-typing (0.017984 sec)
one:1 — SYNC:2 [P1,P2]
   passed  43/58  mux-real-terminal-modes-encode-arrow-independently (0.038996 sec)
   passed  44/58  mux-recording-retains-raw-bytes-and-records-hidden-output (0.016934 sec)
one:1 — SYNC PAUSED (LOCAL) · 1 visible
   passed  45/58  mux-refresh-removes-legacy-colors-preserving-user-remaps (0.001843 sec)
   passed  46/58  mux-rename-minibuffer-accepts-prefix-command-letters (0.001943 sec)
   passed  47/58  mux-render-uses-real-selection-not-redisplays-temporary-window (0.002949 sec)
   passed  48/58  mux-session-rename-preserves-unrelated-colliding-buffer (0.001389 sec)
   passed  49/58  mux-sessions-window-layouts-and-independent-terminals (0.007997 sec)
   passed  50/58  mux-split-failure-preserves-layout-and-live-panes (0.001464 sec)
one:1 — SYNC:2 [P1,P2]
   passed  51/58  mux-status-distinguishes-selection-targets-and-local-input (0.003798 sec)
one:1 — SYNC:2 [P1,P2]
   passed  52/58  mux-visible-broadcast-deduplicates-and-rechecks-targets (0.003309 sec)
   passed  53/58  mux-which-key-discovers-both-native-prefixes (0.008683 sec)
   passed  54/58  mux-window-preview-cancel-keeps-origin-and-saved-window-selection (0.010456 sec)
   passed  55/58  mux-window-selector-rejects-exited-candidate-and-supports-fallback (0.004858 sec)
one:1 — SYNC:2 [P1,P2]
   passed  56/58  mux-zoom-keyboard-control-and-paste-target-only-visible-pane (0.007323 sec)
   passed  57/58  mux-zoom-navigation-selects-another-live-buffer (0.002665 sec)
one:1 — SYNC:3 [P1,P2,P3]
   passed  58/58  mux-zoom-survives-session-switch-and-keeps-sync (0.005998 sec)

Ran 58 tests, 58 results as expected, 0 unexpected (2026-09-13 05:02:53+0300, 0.550809 sec)

make: Leaving directory '/workspace/scratch/8a916eec262c/ghostel-mux'


Interactive Consult/Vertico and live reload

Preview hidden pane and continue typing: (:preview t :active "one:1" :selected " *Minibuf-1*" :buffers ("*mux:one:1*" "*scratch*" "*mux:one:2*") :markers nil :all-live t :input "2  tar")
Cancel restores view and broadcast recipients: (:preview nil :active "one:1" :selected "*mux:one:3*" :buffers ("*mux:one:3*" "*mux:one:1*" "*scratch*") :markers (1 3) :all-live t :input nil)
Commit selects formerly hidden pane: (:preview nil :active "one:1" :selected "*mux:one:2*" :buffers ("*mux:one:2*" "*mux:one:1*" "*scratch*") :markers (1 2) :all-live t :input nil)
Zoom shows local input and all processes survive: (:preview nil :active "one:1" :selected "*mux:one:2*" :buffers ("*mux:one:2*") :markers nil :all-live t :input nil)
